 
****************************************
Report : power
        -analysis_effort low
Design : aes_cipher_top
Version: V-2023.12-SP1
Date   : Tue Mar 25 16:18:50 2025
****************************************


Library(s) Used:

    CORE65LPSVT (File: /export/home/stud/s337217/WORK_SYNTHESIS/tech/STcmos65/CORE65LPSVT_nom_1.20V_25C.db)


Operating Conditions: nom_1.20V_25C   Library: CORE65LPSVT
Wire Load Model Mode: enclosed

Design        Wire Load Model            Library
------------------------------------------------
aes_cipher_top         area_12Kto18K     CORE65LPSVT


Global Operating Voltage = 1.2  
Power-specific unit information :
    Voltage Units = 1V
    Capacitance Units = 1.000000pf
    Time Units = 1ns
    Dynamic Power Units = 1mW    (derived from V,C,T units)
    Leakage Power Units = 1mW


Attributes
----------
i - Including register clock pin internal power


  Cell Internal Power  =   2.6421 mW   (59%)
  Net Switching Power  =   1.8200 mW   (41%)
                         ---------
Total Dynamic Power    =   4.4621 mW  (100%)

Cell Leakage Power     =   1.4403 uW


                 Internal         Switching           Leakage            Total
Power Group      Power            Power               Power              Power   (   %    )  Attrs
--------------------------------------------------------------------------------------------------
io_pad             0.0000            0.0000            0.0000            0.0000  (   0.00%)
memory             0.0000            0.0000            0.0000            0.0000  (   0.00%)
black_box          0.0000            0.0000            0.0000            0.0000  (   0.00%)
clock_network      1.5126            0.0000            0.0000            1.5126  (  33.89%)  i
register           0.5227            0.3371        4.7006e-04            0.8602  (  19.27%)
sequential         0.0000            0.0000            0.0000            0.0000  (   0.00%)
combinational      0.6068            1.4830        9.7027e-04            2.0908  (  46.84%)
--------------------------------------------------------------------------------------------------
Total              2.6421 mW         1.8200 mW     1.4403e-03 mW         4.4636 mW
1
