 
****************************************
Report : area
Design : aes_cipher_top
Version: V-2023.12-SP1
Date   : Tue Mar 25 17:32:04 2025
****************************************

Information: Updating design information... (UID-85)
Library(s) Used:

    CORE65LPSVT (File: /export/home/stud/s337217/WORK_SYNTHESIS/tech/STcmos65/CORE65LPSVT_wc_1.10V_125C.db)

Number of ports:                          388
Number of nets:                          9549
Number of cells:                         9290
Number of combinational cells:           8538
Number of sequential cells:               752
Number of macros/black boxes:               0
Number of buf/inv:                       1089
Number of references:                      64

Combinational area:              27771.119613
Buf/Inv area:                     1707.159937
Noncombinational area:            6268.080129
Macro/Black Box area:                0.000000
Net Interconnect area:      undefined  (Wire load has zero net area)

Total cell area:                 34039.199742
Total area:                 undefined
1
