Loading db file '/export/home/stud/s337217/WORK_SYNTHESIS/tech/STcmos65/CORE65LPSVT_wc_1.10V_125C.db'
Information: Propagating switching activity (low effort zero delay simulation). (PWR-6)
Warning: Design has unannotated primary inputs. (PWR-414)
Warning: Design has unannotated sequential cell outputs. (PWR-415)
 
****************************************
Report : power
        -analysis_effort low
Design : aes_cipher_top
Version: V-2023.12-SP1
Date   : Tue Mar 25 17:42:52 2025
****************************************


Library(s) Used:

    CORE65LPSVT (File: /export/home/stud/s337217/WORK_SYNTHESIS/tech/STcmos65/CORE65LPSVT_wc_1.10V_125C.db)


Operating Conditions: wc_1.10V_125C   Library: CORE65LPSVT
Wire Load Model Mode: enclosed

Design        Wire Load Model            Library
------------------------------------------------
aes_cipher_top         area_12Kto18K     CORE65LPSVT


Global Operating Voltage = 1.1  
Power-specific unit information :
    Voltage Units = 1V
    Capacitance Units = 1.000000pf
    Time Units = 1ns
    Dynamic Power Units = 1mW    (derived from V,C,T units)
    Leakage Power Units = 1mW


Attributes
----------
i - Including register clock pin internal power


  Cell Internal Power  =   3.0594 mW   (54%)
  Net Switching Power  =   2.6040 mW   (46%)
                         ---------
Total Dynamic Power    =   5.6634 mW  (100%)

Cell Leakage Power     =  20.0038 uW


                 Internal         Switching           Leakage            Total
Power Group      Power            Power               Power              Power   (   %    )  Attrs
--------------------------------------------------------------------------------------------------
io_pad             0.0000            0.0000            0.0000            0.0000  (   0.00%)
memory             0.0000            0.0000            0.0000            0.0000  (   0.00%)
black_box          0.0000            0.0000            0.0000            0.0000  (   0.00%)
clock_network      1.4043            0.0000            0.0000            1.4043  (  24.71%)  i
register           0.6808            0.8624        4.4380e-03            1.5476  (  27.23%)
sequential         0.0000            0.0000            0.0000            0.0000  (   0.00%)
combinational      0.9743            1.7416        1.5566e-02            2.7315  (  48.06%)
--------------------------------------------------------------------------------------------------
Total              3.0594 mW         2.6040 mW     2.0004e-02 mW         5.6834 mW
1
